// Jest Snapshot v1, https://goo.gl/fbAQLP

exports[`<Alert /> should render the heading 1`] = `
.c0 {
  position: relative;
  color: #FAFAFA;
  padding: 1rem 2rem;
  width: 100%;
  border-radius: 0.4rem;
  -webkit-transition: all 0.3s;
  transition: all 0.3s;
  background-color: #0cac21;
  top: -20px;
  opacity: 0;
  visibility: hidden;
}

<div
  class="c0"
>
  <h1>
    Altert message
  </h1>
</div>
`
